// Jest Snapshot v1, https://goo.gl/fbAQLP

exports[`outputs the expected tree when (default) 1`] = `
<div
  className="header"
>
  <Link
    to="/"
  >
    <span
      className="fas fa-home"
    />
  </Link>
</div>
`;
