// Jest Snapshot v1, https://goo.gl/fbAQLP

exports[`outputs the expected tree when (default 1`] = `
<div
  className=""
>
  <div>
    notStarted
  </div>
  <div>
    Mines Left/flags left to place: 0 FIXME
  </div>
  <Board
    height={4}
    mines={2}
    width={4}
  />
</div>
`;
