// Jest Snapshot v1, https://goo.gl/fbAQLP

exports[`outputs the expected tree when (default) 1`] = `
<HashRouter>
  <Container
    tag="div"
  >
    <MainNav
      className=""
    />
    <Switch>
      <Route
        path="/"
      >
        <MainPage />
      </Route>
    </Switch>
  </Container>
</HashRouter>
`;
