// Jest Snapshot v1, https://goo.gl/fbAQLP

exports[`outputs the expected tree when 5x5 board with 3 mines 1`] = `
<div
  className=""
>
  <styled.div
    key="row-0"
  >
    <Cell
      cellData={
        Object {
          "isFlagged": false,
          "isMine": false,
          "isRevealed": false,
          "neighbors": 0,
        }
      }
      key="cell-0,0"
      onClick={[Function]}
    />
    <Cell
      cellData={
        Object {
          "isFlagged": false,
          "isMine": false,
          "isRevealed": false,
          "neighbors": 0,
        }
      }
      key="cell-0,1"
      onClick={[Function]}
    />
    <Cell
      cellData={
        Object {
          "isFlagged": false,
          "isMine": true,
          "isRevealed": false,
          "neighbors": 0,
        }
      }
      key="cell-0,2"
      onClick={[Function]}
    />
    <Cell
      cellData={
        Object {
          "isFlagged": false,
          "isMine": false,
          "isRevealed": false,
          "neighbors": 0,
        }
      }
      key="cell-0,3"
      onClick={[Function]}
    />
    <Cell
      cellData={
        Object {
          "isFlagged": false,
          "isMine": false,
          "isRevealed": false,
          "neighbors": 0,
        }
      }
      key="cell-0,4"
      onClick={[Function]}
    />
  </styled.div>
  <styled.div
    key="row-1"
  >
    <Cell
      cellData={
        Object {
          "isFlagged": false,
          "isMine": false,
          "isRevealed": false,
          "neighbors": 0,
        }
      }
      key="cell-1,0"
      onClick={[Function]}
    />
    <Cell
      cellData={
        Object {
          "isFlagged": false,
          "isMine": false,
          "isRevealed": false,
          "neighbors": 0,
        }
      }
      key="cell-1,1"
      onClick={[Function]}
    />
    <Cell
      cellData={
        Object {
          "isFlagged": false,
          "isMine": false,
          "isRevealed": false,
          "neighbors": 0,
        }
      }
      key="cell-1,2"
      onClick={[Function]}
    />
    <Cell
      cellData={
        Object {
          "isFlagged": false,
          "isMine": false,
          "isRevealed": false,
          "neighbors": 0,
        }
      }
      key="cell-1,3"
      onClick={[Function]}
    />
    <Cell
      cellData={
        Object {
          "isFlagged": false,
          "isMine": false,
          "isRevealed": false,
          "neighbors": 0,
        }
      }
      key="cell-1,4"
      onClick={[Function]}
    />
  </styled.div>
  <styled.div
    key="row-2"
  >
    <Cell
      cellData={
        Object {
          "isFlagged": false,
          "isMine": false,
          "isRevealed": false,
          "neighbors": 0,
        }
      }
      key="cell-2,0"
      onClick={[Function]}
    />
    <Cell
      cellData={
        Object {
          "isFlagged": false,
          "isMine": true,
          "isRevealed": false,
          "neighbors": 0,
        }
      }
      key="cell-2,1"
      onClick={[Function]}
    />
    <Cell
      cellData={
        Object {
          "isFlagged": false,
          "isMine": false,
          "isRevealed": false,
          "neighbors": 0,
        }
      }
      key="cell-2,2"
      onClick={[Function]}
    />
    <Cell
      cellData={
        Object {
          "isFlagged": false,
          "isMine": false,
          "isRevealed": false,
          "neighbors": 0,
        }
      }
      key="cell-2,3"
      onClick={[Function]}
    />
    <Cell
      cellData={
        Object {
          "isFlagged": false,
          "isMine": false,
          "isRevealed": false,
          "neighbors": 0,
        }
      }
      key="cell-2,4"
      onClick={[Function]}
    />
  </styled.div>
  <styled.div
    key="row-3"
  >
    <Cell
      cellData={
        Object {
          "isFlagged": false,
          "isMine": false,
          "isRevealed": false,
          "neighbors": 0,
        }
      }
      key="cell-3,0"
      onClick={[Function]}
    />
    <Cell
      cellData={
        Object {
          "isFlagged": false,
          "isMine": false,
          "isRevealed": false,
          "neighbors": 0,
        }
      }
      key="cell-3,1"
      onClick={[Function]}
    />
    <Cell
      cellData={
        Object {
          "isFlagged": false,
          "isMine": false,
          "isRevealed": false,
          "neighbors": 0,
        }
      }
      key="cell-3,2"
      onClick={[Function]}
    />
    <Cell
      cellData={
        Object {
          "isFlagged": false,
          "isMine": false,
          "isRevealed": false,
          "neighbors": 0,
        }
      }
      key="cell-3,3"
      onClick={[Function]}
    />
    <Cell
      cellData={
        Object {
          "isFlagged": false,
          "isMine": false,
          "isRevealed": false,
          "neighbors": 0,
        }
      }
      key="cell-3,4"
      onClick={[Function]}
    />
  </styled.div>
  <styled.div
    key="row-4"
  >
    <Cell
      cellData={
        Object {
          "isFlagged": false,
          "isMine": false,
          "isRevealed": false,
          "neighbors": 0,
        }
      }
      key="cell-4,0"
      onClick={[Function]}
    />
    <Cell
      cellData={
        Object {
          "isFlagged": false,
          "isMine": true,
          "isRevealed": false,
          "neighbors": 0,
        }
      }
      key="cell-4,1"
      onClick={[Function]}
    />
    <Cell
      cellData={
        Object {
          "isFlagged": false,
          "isMine": false,
          "isRevealed": false,
          "neighbors": 0,
        }
      }
      key="cell-4,2"
      onClick={[Function]}
    />
    <Cell
      cellData={
        Object {
          "isFlagged": false,
          "isMine": false,
          "isRevealed": false,
          "neighbors": 0,
        }
      }
      key="cell-4,3"
      onClick={[Function]}
    />
    <Cell
      cellData={
        Object {
          "isFlagged": false,
          "isMine": false,
          "isRevealed": false,
          "neighbors": 0,
        }
      }
      key="cell-4,4"
      onClick={[Function]}
    />
  </styled.div>
</div>
`;
